Copyright 1986-2020 Xilinx, Inc. All Rights Reserved.
--------------------------------------------------------------------------------------------------------------------------------------------------------------
| Tool Version : Vivado v.2020.2 (win64) Build 3064766 Wed Nov 18 09:12:45 MST 2020
| Date         : Wed Apr 13 21:26:39 2022
| Host         : LAPTOP-ST9L9JE9 running 64-bit major release  (build 9200)
| Command      : report_methodology -file au_top_0_methodology_drc_routed.rpt -pb au_top_0_methodology_drc_routed.pb -rpx au_top_0_methodology_drc_routed.rpx
| Design       : au_top_0
| Device       : xc7a35tftg256-1
| Speed File   : -1
| Design State : Fully Routed
--------------------------------------------------------------------------------------------------------------------------------------------------------------

Report Methodology

Table of Contents
-----------------
1. REPORT SUMMARY
2. REPORT DETAILS

1. REPORT SUMMARY
-----------------
            Netlist: netlist
          Floorplan: design_1
      Design limits: <entire design considered>
             Max violations: <unlimited>
             Violations found: 206
+-----------+----------+-------------------------------+------------+
| Rule      | Severity | Description                   | Violations |
+-----------+----------+-------------------------------+------------+
| SYNTH-13  | Warning  | combinational multiplier      | 1          |
| TIMING-16 | Warning  | Large setup violation         | 142        |
| TIMING-18 | Warning  | Missing input or output delay | 63         |
+-----------+----------+-------------------------------+------------+

2. REPORT DETAILS
-----------------
SYNTH-13#1 Warning
combinational multiplier  
Detected combinational multiplier in DSP instance game_beta/game_alu/c0.
Related violations: <none>

TIMING-16#1 Warning
Large setup violation  
There is a large setup violation of -1.001 ns between game_beta/game_cu/FSM_onehot_M_gameFSM_q_reg[101]/C (clocked by clk_0) and game_beta/game_reg/M_reg_temp_q_reg[24]/D (clocked by clk_0). Large setup violations at the end of those stages might be difficult to fix during the post-placement implementation flow and could be the result of non-optimal XDC constraints or non-optimal design architecture
Related violations: <none>

TIMING-16#2 Warning
Large setup violation  
There is a large setup violation of -1.002 ns between game_beta/game_cu/FSM_onehot_M_gameFSM_q_reg[101]/C (clocked by clk_0) and game_beta/game_reg/M_col1_q_reg[5]_lopt_replica/D (clocked by clk_0). Large setup violations at the end of those stages might be difficult to fix during the post-placement implementation flow and could be the result of non-optimal XDC constraints or non-optimal design architecture
Related violations: <none>

TIMING-16#3 Warning
Large setup violation  
There is a large setup violation of -1.002 ns between game_beta/game_cu/FSM_onehot_M_gameFSM_q_reg[101]/C (clocked by clk_0) and game_beta/game_reg/M_reg_temp_q_reg[8]/D (clocked by clk_0). Large setup violations at the end of those stages might be difficult to fix during the post-placement implementation flow and could be the result of non-optimal XDC constraints or non-optimal design architecture
Related violations: <none>

TIMING-16#4 Warning
Large setup violation  
There is a large setup violation of -1.002 ns between game_beta/game_cu/FSM_onehot_M_gameFSM_q_reg[101]/C (clocked by clk_0) and game_beta/game_reg/M_score_q_reg[15]/D (clocked by clk_0). Large setup violations at the end of those stages might be difficult to fix during the post-placement implementation flow and could be the result of non-optimal XDC constraints or non-optimal design architecture
Related violations: <none>

TIMING-16#5 Warning
Large setup violation  
There is a large setup violation of -1.002 ns between game_beta/game_cu/FSM_onehot_M_gameFSM_q_reg[101]/C (clocked by clk_0) and game_beta/game_reg/M_selected_col_address_q_reg[15]/D (clocked by clk_0). Large setup violations at the end of those stages might be difficult to fix during the post-placement implementation flow and could be the result of non-optimal XDC constraints or non-optimal design architecture
Related violations: <none>

TIMING-16#6 Warning
Large setup violation  
There is a large setup violation of -1.003 ns between game_beta/game_cu/FSM_onehot_M_gameFSM_q_reg[101]/C (clocked by clk_0) and game_beta/game_reg/M_selected_col_address_q_reg[13]/D (clocked by clk_0). Large setup violations at the end of those stages might be difficult to fix during the post-placement implementation flow and could be the result of non-optimal XDC constraints or non-optimal design architecture
Related violations: <none>

TIMING-16#7 Warning
Large setup violation  
There is a large setup violation of -1.006 ns between game_beta/game_cu/FSM_onehot_M_gameFSM_q_reg[101]/C (clocked by clk_0) and game_beta/game_reg/M_col2_q_reg[12]/D (clocked by clk_0). Large setup violations at the end of those stages might be difficult to fix during the post-placement implementation flow and could be the result of non-optimal XDC constraints or non-optimal design architecture
Related violations: <none>

TIMING-16#8 Warning
Large setup violation  
There is a large setup violation of -1.007 ns between game_beta/game_cu/FSM_onehot_M_gameFSM_q_reg[101]/C (clocked by clk_0) and game_beta/game_reg/M_col_lunatic_q_reg[8]/D (clocked by clk_0). Large setup violations at the end of those stages might be difficult to fix during the post-placement implementation flow and could be the result of non-optimal XDC constraints or non-optimal design architecture
Related violations: <none>

TIMING-16#9 Warning
Large setup violation  
There is a large setup violation of -1.007 ns between game_beta/game_cu/FSM_onehot_M_gameFSM_q_reg[101]/C (clocked by clk_0) and game_beta/game_reg/M_reg_temp_q_reg[28]/D (clocked by clk_0). Large setup violations at the end of those stages might be difficult to fix during the post-placement implementation flow and could be the result of non-optimal XDC constraints or non-optimal design architecture
Related violations: <none>

TIMING-16#10 Warning
Large setup violation  
There is a large setup violation of -1.011 ns between game_beta/game_cu/FSM_onehot_M_gameFSM_q_reg[101]/C (clocked by clk_0) and game_beta/game_reg/M_selected_col_address_q_reg[3]/D (clocked by clk_0). Large setup violations at the end of those stages might be difficult to fix during the post-placement implementation flow and could be the result of non-optimal XDC constraints or non-optimal design architecture
Related violations: <none>

TIMING-16#11 Warning
Large setup violation  
There is a large setup violation of -1.011 ns between game_beta/game_cu/FSM_onehot_M_gameFSM_q_reg[101]/C (clocked by clk_0) and game_beta/game_reg/M_total_notes_q_reg[9]/D (clocked by clk_0). Large setup violations at the end of those stages might be difficult to fix during the post-placement implementation flow and could be the result of non-optimal XDC constraints or non-optimal design architecture
Related violations: <none>

TIMING-16#12 Warning
Large setup violation  
There is a large setup violation of -1.013 ns between game_beta/game_cu/FSM_onehot_M_gameFSM_q_reg[101]/C (clocked by clk_0) and game_beta/game_reg/M_col2_q_reg[13]/D (clocked by clk_0). Large setup violations at the end of those stages might be difficult to fix during the post-placement implementation flow and could be the result of non-optimal XDC constraints or non-optimal design architecture
Related violations: <none>

TIMING-16#13 Warning
Large setup violation  
There is a large setup violation of -1.018 ns between game_beta/game_cu/FSM_onehot_M_gameFSM_q_reg[101]/C (clocked by clk_0) and game_beta/game_reg/M_selected_col_q_reg[9]/D (clocked by clk_0). Large setup violations at the end of those stages might be difficult to fix during the post-placement implementation flow and could be the result of non-optimal XDC constraints or non-optimal design architecture
Related violations: <none>

TIMING-16#14 Warning
Large setup violation  
There is a large setup violation of -1.020 ns between game_beta/game_cu/FSM_onehot_M_gameFSM_q_reg[101]/C (clocked by clk_0) and game_beta/game_reg/M_col1_q_reg[4]_lopt_replica/D (clocked by clk_0). Large setup violations at the end of those stages might be difficult to fix during the post-placement implementation flow and could be the result of non-optimal XDC constraints or non-optimal design architecture
Related violations: <none>

TIMING-16#15 Warning
Large setup violation  
There is a large setup violation of -1.021 ns between game_beta/game_cu/FSM_onehot_M_gameFSM_q_reg[101]/C (clocked by clk_0) and game_beta/game_reg/M_col3_q_reg[5]_lopt_replica/D (clocked by clk_0). Large setup violations at the end of those stages might be difficult to fix during the post-placement implementation flow and could be the result of non-optimal XDC constraints or non-optimal design architecture
Related violations: <none>

TIMING-16#16 Warning
Large setup violation  
There is a large setup violation of -1.022 ns between game_beta/game_cu/FSM_onehot_M_gameFSM_q_reg[101]/C (clocked by clk_0) and game_beta/game_reg/M_reg_temp_q_reg[12]/D (clocked by clk_0). Large setup violations at the end of those stages might be difficult to fix during the post-placement implementation flow and could be the result of non-optimal XDC constraints or non-optimal design architecture
Related violations: <none>

TIMING-16#17 Warning
Large setup violation  
There is a large setup violation of -1.023 ns between game_beta/game_cu/FSM_onehot_M_gameFSM_q_reg[101]/C (clocked by clk_0) and game_beta/game_reg/M_add_score_q_reg[9]/D (clocked by clk_0). Large setup violations at the end of those stages might be difficult to fix during the post-placement implementation flow and could be the result of non-optimal XDC constraints or non-optimal design architecture
Related violations: <none>

TIMING-16#18 Warning
Large setup violation  
There is a large setup violation of -1.025 ns between game_beta/game_cu/FSM_onehot_M_gameFSM_q_reg[101]/C (clocked by clk_0) and game_beta/game_reg/M_col0_q_reg[5]_lopt_replica/D (clocked by clk_0). Large setup violations at the end of those stages might be difficult to fix during the post-placement implementation flow and could be the result of non-optimal XDC constraints or non-optimal design architecture
Related violations: <none>

TIMING-16#19 Warning
Large setup violation  
There is a large setup violation of -1.025 ns between game_beta/game_cu/FSM_onehot_M_gameFSM_q_reg[101]/C (clocked by clk_0) and game_beta/game_reg/M_col1_q_reg[9]/D (clocked by clk_0). Large setup violations at the end of those stages might be difficult to fix during the post-placement implementation flow and could be the result of non-optimal XDC constraints or non-optimal design architecture
Related violations: <none>

TIMING-16#20 Warning
Large setup violation  
There is a large setup violation of -1.025 ns between game_beta/game_cu/FSM_onehot_M_gameFSM_q_reg[101]/C (clocked by clk_0) and game_beta/game_reg/M_most_sigbits_q_reg[15]/D (clocked by clk_0). Large setup violations at the end of those stages might be difficult to fix during the post-placement implementation flow and could be the result of non-optimal XDC constraints or non-optimal design architecture
Related violations: <none>

TIMING-16#21 Warning
Large setup violation  
There is a large setup violation of -1.027 ns between game_beta/game_cu/FSM_onehot_M_gameFSM_q_reg[101]/C (clocked by clk_0) and game_beta/game_reg/M_col2_q_reg[8]/D (clocked by clk_0). Large setup violations at the end of those stages might be difficult to fix during the post-placement implementation flow and could be the result of non-optimal XDC constraints or non-optimal design architecture
Related violations: <none>

TIMING-16#22 Warning
Large setup violation  
There is a large setup violation of -1.027 ns between game_beta/game_cu/FSM_onehot_M_gameFSM_q_reg[101]/C (clocked by clk_0) and game_beta/game_reg/M_selected_col_address_q_reg[12]/D (clocked by clk_0). Large setup violations at the end of those stages might be difficult to fix during the post-placement implementation flow and could be the result of non-optimal XDC constraints or non-optimal design architecture
Related violations: <none>

TIMING-16#23 Warning
Large setup violation  
There is a large setup violation of -1.027 ns between game_beta/game_cu/FSM_onehot_M_gameFSM_q_reg[101]/C (clocked by clk_0) and game_beta/game_reg/M_total_notes_q_reg[12]/D (clocked by clk_0). Large setup violations at the end of those stages might be difficult to fix during the post-placement implementation flow and could be the result of non-optimal XDC constraints or non-optimal design architecture
Related violations: <none>

TIMING-16#24 Warning
Large setup violation  
There is a large setup violation of -1.029 ns between game_beta/game_cu/FSM_onehot_M_gameFSM_q_reg[101]/C (clocked by clk_0) and game_beta/game_reg/M_col3_q_reg[13]/D (clocked by clk_0). Large setup violations at the end of those stages might be difficult to fix during the post-placement implementation flow and could be the result of non-optimal XDC constraints or non-optimal design architecture
Related violations: <none>

TIMING-16#25 Warning
Large setup violation  
There is a large setup violation of -1.031 ns between game_beta/game_cu/FSM_onehot_M_gameFSM_q_reg[101]/C (clocked by clk_0) and game_beta/game_reg/M_col0_q_reg[8]/D (clocked by clk_0). Large setup violations at the end of those stages might be difficult to fix during the post-placement implementation flow and could be the result of non-optimal XDC constraints or non-optimal design architecture
Related violations: <none>

TIMING-16#26 Warning
Large setup violation  
There is a large setup violation of -1.031 ns between game_beta/game_cu/FSM_onehot_M_gameFSM_q_reg[101]/C (clocked by clk_0) and game_beta/game_reg/M_col1_q_reg[11]/D (clocked by clk_0). Large setup violations at the end of those stages might be difficult to fix during the post-placement implementation flow and could be the result of non-optimal XDC constraints or non-optimal design architecture
Related violations: <none>

TIMING-16#27 Warning
Large setup violation  
There is a large setup violation of -1.034 ns between game_beta/game_cu/FSM_onehot_M_gameFSM_q_reg[101]/C (clocked by clk_0) and game_beta/game_reg/M_col_lunatic_q_reg[5]/D (clocked by clk_0). Large setup violations at the end of those stages might be difficult to fix during the post-placement implementation flow and could be the result of non-optimal XDC constraints or non-optimal design architecture
Related violations: <none>

TIMING-16#28 Warning
Large setup violation  
There is a large setup violation of -1.034 ns between game_beta/game_cu/FSM_onehot_M_gameFSM_q_reg[101]/C (clocked by clk_0) and game_beta/game_reg/M_selected_col_q_reg[11]/D (clocked by clk_0). Large setup violations at the end of those stages might be difficult to fix during the post-placement implementation flow and could be the result of non-optimal XDC constraints or non-optimal design architecture
Related violations: <none>

TIMING-16#29 Warning
Large setup violation  
There is a large setup violation of -1.039 ns between game_beta/game_cu/FSM_onehot_M_gameFSM_q_reg[101]/C (clocked by clk_0) and game_beta/game_reg/M_selected_col_q_reg[12]/D (clocked by clk_0). Large setup violations at the end of those stages might be difficult to fix during the post-placement implementation flow and could be the result of non-optimal XDC constraints or non-optimal design architecture
Related violations: <none>

TIMING-16#30 Warning
Large setup violation  
There is a large setup violation of -1.040 ns between game_beta/game_cu/FSM_onehot_M_gameFSM_q_reg[101]/C (clocked by clk_0) and game_beta/game_reg/M_score_q_reg[5]/D (clocked by clk_0). Large setup violations at the end of those stages might be difficult to fix during the post-placement implementation flow and could be the result of non-optimal XDC constraints or non-optimal design architecture
Related violations: <none>

TIMING-16#31 Warning
Large setup violation  
There is a large setup violation of -1.041 ns between game_beta/game_cu/FSM_onehot_M_gameFSM_q_reg[101]/C (clocked by clk_0) and game_beta/game_reg/M_col3_q_reg[11]/D (clocked by clk_0). Large setup violations at the end of those stages might be difficult to fix during the post-placement implementation flow and could be the result of non-optimal XDC constraints or non-optimal design architecture
Related violations: <none>

TIMING-16#32 Warning
Large setup violation  
There is a large setup violation of -1.041 ns between game_beta/game_cu/FSM_onehot_M_gameFSM_q_reg[101]/C (clocked by clk_0) and game_beta/game_reg/M_score_q_reg[2]/D (clocked by clk_0). Large setup violations at the end of those stages might be difficult to fix during the post-placement implementation flow and could be the result of non-optimal XDC constraints or non-optimal design architecture
Related violations: <none>

TIMING-16#33 Warning
Large setup violation  
There is a large setup violation of -1.043 ns between game_beta/game_cu/FSM_onehot_M_gameFSM_q_reg[101]/C (clocked by clk_0) and game_beta/game_reg/M_col0_q_reg[10]/D (clocked by clk_0). Large setup violations at the end of those stages might be difficult to fix during the post-placement implementation flow and could be the result of non-optimal XDC constraints or non-optimal design architecture
Related violations: <none>

TIMING-16#34 Warning
Large setup violation  
There is a large setup violation of -1.046 ns between game_beta/game_cu/FSM_onehot_M_gameFSM_q_reg[101]/C (clocked by clk_0) and game_beta/game_reg/M_score_q_reg[12]/D (clocked by clk_0). Large setup violations at the end of those stages might be difficult to fix during the post-placement implementation flow and could be the result of non-optimal XDC constraints or non-optimal design architecture
Related violations: <none>

TIMING-16#35 Warning
Large setup violation  
There is a large setup violation of -1.047 ns between game_beta/game_cu/FSM_onehot_M_gameFSM_q_reg[101]/C (clocked by clk_0) and game_beta/game_reg/M_col1_q_reg[13]/D (clocked by clk_0). Large setup violations at the end of those stages might be difficult to fix during the post-placement implementation flow and could be the result of non-optimal XDC constraints or non-optimal design architecture
Related violations: <none>

TIMING-16#36 Warning
Large setup violation  
There is a large setup violation of -1.048 ns between game_beta/game_cu/FSM_onehot_M_gameFSM_q_reg[101]/C (clocked by clk_0) and game_beta/game_reg/M_col0_q_reg[5]/D (clocked by clk_0). Large setup violations at the end of those stages might be difficult to fix during the post-placement implementation flow and could be the result of non-optimal XDC constraints or non-optimal design architecture
Related violations: <none>

TIMING-16#37 Warning
Large setup violation  
There is a large setup violation of -1.049 ns between game_beta/game_cu/FSM_onehot_M_gameFSM_q_reg[101]/C (clocked by clk_0) and game_beta/game_reg/M_col0_q_reg[4]/D (clocked by clk_0). Large setup violations at the end of those stages might be difficult to fix during the post-placement implementation flow and could be the result of non-optimal XDC constraints or non-optimal design architecture
Related violations: <none>

TIMING-16#38 Warning
Large setup violation  
There is a large setup violation of -1.050 ns between game_beta/game_cu/FSM_onehot_M_gameFSM_q_reg[101]/C (clocked by clk_0) and game_beta/game_reg/M_combo_q_reg[5]/D (clocked by clk_0). Large setup violations at the end of those stages might be difficult to fix during the post-placement implementation flow and could be the result of non-optimal XDC constraints or non-optimal design architecture
Related violations: <none>

TIMING-16#39 Warning
Large setup violation  
There is a large setup violation of -1.052 ns between game_beta/game_cu/FSM_onehot_M_gameFSM_q_reg[101]/C (clocked by clk_0) and game_beta/game_reg/M_col2_q_reg[7]/D (clocked by clk_0). Large setup violations at the end of those stages might be difficult to fix during the post-placement implementation flow and could be the result of non-optimal XDC constraints or non-optimal design architecture
Related violations: <none>

TIMING-16#40 Warning
Large setup violation  
There is a large setup violation of -1.053 ns between game_beta/game_cu/FSM_onehot_M_gameFSM_q_reg[101]/C (clocked by clk_0) and game_beta/game_reg/M_col3_q_reg[14]/D (clocked by clk_0). Large setup violations at the end of those stages might be difficult to fix during the post-placement implementation flow and could be the result of non-optimal XDC constraints or non-optimal design architecture
Related violations: <none>

TIMING-16#41 Warning
Large setup violation  
There is a large setup violation of -1.053 ns between game_beta/game_cu/FSM_onehot_M_gameFSM_q_reg[101]/C (clocked by clk_0) and game_beta/game_reg/M_most_sigbits_q_reg[0]/D (clocked by clk_0). Large setup violations at the end of those stages might be difficult to fix during the post-placement implementation flow and could be the result of non-optimal XDC constraints or non-optimal design architecture
Related violations: <none>

TIMING-16#42 Warning
Large setup violation  
There is a large setup violation of -1.053 ns between game_beta/game_cu/FSM_onehot_M_gameFSM_q_reg[101]/C (clocked by clk_0) and game_beta/game_reg/M_most_sigbits_q_reg[12]/D (clocked by clk_0). Large setup violations at the end of those stages might be difficult to fix during the post-placement implementation flow and could be the result of non-optimal XDC constraints or non-optimal design architecture
Related violations: <none>

TIMING-16#43 Warning
Large setup violation  
There is a large setup violation of -1.055 ns between game_beta/game_cu/FSM_onehot_M_gameFSM_q_reg[101]/C (clocked by clk_0) and game_beta/game_reg/M_col_lunatic_q_reg[13]/D (clocked by clk_0). Large setup violations at the end of those stages might be difficult to fix during the post-placement implementation flow and could be the result of non-optimal XDC constraints or non-optimal design architecture
Related violations: <none>

TIMING-16#44 Warning
Large setup violation  
There is a large setup violation of -1.058 ns between game_beta/game_cu/FSM_onehot_M_gameFSM_q_reg[101]/C (clocked by clk_0) and game_beta/game_reg/M_selected_col_q_reg[13]/D (clocked by clk_0). Large setup violations at the end of those stages might be difficult to fix during the post-placement implementation flow and could be the result of non-optimal XDC constraints or non-optimal design architecture
Related violations: <none>

TIMING-16#45 Warning
Large setup violation  
There is a large setup violation of -1.063 ns between game_beta/game_cu/FSM_onehot_M_gameFSM_q_reg[101]/C (clocked by clk_0) and game_beta/game_reg/M_score_q_reg[13]/D (clocked by clk_0). Large setup violations at the end of those stages might be difficult to fix during the post-placement implementation flow and could be the result of non-optimal XDC constraints or non-optimal design architecture
Related violations: <none>

TIMING-16#46 Warning
Large setup violation  
There is a large setup violation of -1.065 ns between game_beta/game_cu/FSM_onehot_M_gameFSM_q_reg[101]/C (clocked by clk_0) and game_beta/game_reg/M_reg_temp_q_reg[5]/D (clocked by clk_0). Large setup violations at the end of those stages might be difficult to fix during the post-placement implementation flow and could be the result of non-optimal XDC constraints or non-optimal design architecture
Related violations: <none>

TIMING-16#47 Warning
Large setup violation  
There is a large setup violation of -1.073 ns between game_beta/game_cu/FSM_onehot_M_gameFSM_q_reg[101]/C (clocked by clk_0) and game_beta/game_reg/M_total_notes_q_reg[5]/D (clocked by clk_0). Large setup violations at the end of those stages might be difficult to fix during the post-placement implementation flow and could be the result of non-optimal XDC constraints or non-optimal design architecture
Related violations: <none>

TIMING-16#48 Warning
Large setup violation  
There is a large setup violation of -1.076 ns between game_beta/game_cu/FSM_onehot_M_gameFSM_q_reg[101]/C (clocked by clk_0) and game_beta/game_reg/M_counter_q_reg[5]/D (clocked by clk_0). Large setup violations at the end of those stages might be difficult to fix during the post-placement implementation flow and could be the result of non-optimal XDC constraints or non-optimal design architecture
Related violations: <none>

TIMING-16#49 Warning
Large setup violation  
There is a large setup violation of -1.076 ns between game_beta/game_cu/FSM_onehot_M_gameFSM_q_reg[101]/C (clocked by clk_0) and game_beta/game_reg/M_reg_temp_q_reg[21]/D (clocked by clk_0). Large setup violations at the end of those stages might be difficult to fix during the post-placement implementation flow and could be the result of non-optimal XDC constraints or non-optimal design architecture
Related violations: <none>

TIMING-16#50 Warning
Large setup violation  
There is a large setup violation of -1.078 ns between game_beta/game_cu/FSM_onehot_M_gameFSM_q_reg[101]/C (clocked by clk_0) and game_beta/game_reg/M_add_score_q_reg[5]/D (clocked by clk_0). Large setup violations at the end of those stages might be difficult to fix during the post-placement implementation flow and could be the result of non-optimal XDC constraints or non-optimal design architecture
Related violations: <none>

TIMING-16#51 Warning
Large setup violation  
There is a large setup violation of -1.079 ns between game_beta/game_cu/FSM_onehot_M_gameFSM_q_reg[101]/C (clocked by clk_0) and game_beta/game_reg/M_col3_q_reg[1]_lopt_replica/D (clocked by clk_0). Large setup violations at the end of those stages might be difficult to fix during the post-placement implementation flow and could be the result of non-optimal XDC constraints or non-optimal design architecture
Related violations: <none>

TIMING-16#52 Warning
Large setup violation  
There is a large setup violation of -1.088 ns between game_beta/game_cu/FSM_onehot_M_gameFSM_q_reg[101]/C (clocked by clk_0) and game_beta/game_reg/M_col0_q_reg[0]_lopt_replica/D (clocked by clk_0). Large setup violations at the end of those stages might be difficult to fix during the post-placement implementation flow and could be the result of non-optimal XDC constraints or non-optimal design architecture
Related violations: <none>

TIMING-16#53 Warning
Large setup violation  
There is a large setup violation of -1.092 ns between game_beta/game_cu/FSM_onehot_M_gameFSM_q_reg[101]/C (clocked by clk_0) and game_beta/game_reg/M_reg_temp_q_reg[0]/D (clocked by clk_0). Large setup violations at the end of those stages might be difficult to fix during the post-placement implementation flow and could be the result of non-optimal XDC constraints or non-optimal design architecture
Related violations: <none>

TIMING-16#54 Warning
Large setup violation  
There is a large setup violation of -1.094 ns between game_beta/game_cu/FSM_onehot_M_gameFSM_q_reg[101]/C (clocked by clk_0) and game_beta/game_reg/M_col2_q_reg[0]/D (clocked by clk_0). Large setup violations at the end of those stages might be difficult to fix during the post-placement implementation flow and could be the result of non-optimal XDC constraints or non-optimal design architecture
Related violations: <none>

TIMING-16#55 Warning
Large setup violation  
There is a large setup violation of -1.094 ns between game_beta/game_cu/FSM_onehot_M_gameFSM_q_reg[101]/C (clocked by clk_0) and game_beta/game_reg/M_combo_q_reg[0]/D (clocked by clk_0). Large setup violations at the end of those stages might be difficult to fix during the post-placement implementation flow and could be the result of non-optimal XDC constraints or non-optimal design architecture
Related violations: <none>

TIMING-16#56 Warning
Large setup violation  
There is a large setup violation of -1.094 ns between game_beta/game_cu/FSM_onehot_M_gameFSM_q_reg[101]/C (clocked by clk_0) and game_beta/game_reg/M_total_notes_q_reg[7]/D (clocked by clk_0). Large setup violations at the end of those stages might be difficult to fix during the post-placement implementation flow and could be the result of non-optimal XDC constraints or non-optimal design architecture
Related violations: <none>

TIMING-16#57 Warning
Large setup violation  
There is a large setup violation of -1.095 ns between game_beta/game_cu/FSM_onehot_M_gameFSM_q_reg[101]/C (clocked by clk_0) and game_beta/game_reg/M_reg_temp_q_reg[16]/D (clocked by clk_0). Large setup violations at the end of those stages might be difficult to fix during the post-placement implementation flow and could be the result of non-optimal XDC constraints or non-optimal design architecture
Related violations: <none>

TIMING-16#58 Warning
Large setup violation  
There is a large setup violation of -1.111 ns between game_beta/game_cu/FSM_onehot_M_gameFSM_q_reg[101]/C (clocked by clk_0) and game_beta/game_reg/M_col0_q_reg[0]/D (clocked by clk_0). Large setup violations at the end of those stages might be difficult to fix during the post-placement implementation flow and could be the result of non-optimal XDC constraints or non-optimal design architecture
Related violations: <none>

TIMING-16#59 Warning
Large setup violation  
There is a large setup violation of -1.114 ns between game_beta/game_cu/FSM_onehot_M_gameFSM_q_reg[101]/C (clocked by clk_0) and game_beta/game_reg/M_selected_col_q_reg[3]/D (clocked by clk_0). Large setup violations at the end of those stages might be difficult to fix during the post-placement implementation flow and could be the result of non-optimal XDC constraints or non-optimal design architecture
Related violations: <none>

TIMING-16#60 Warning
Large setup violation  
There is a large setup violation of -1.116 ns between game_beta/game_cu/FSM_onehot_M_gameFSM_q_reg[101]/C (clocked by clk_0) and game_beta/game_reg/M_col1_q_reg[0]_lopt_replica/D (clocked by clk_0). Large setup violations at the end of those stages might be difficult to fix during the post-placement implementation flow and could be the result of non-optimal XDC constraints or non-optimal design architecture
Related violations: <none>

TIMING-16#61 Warning
Large setup violation  
There is a large setup violation of -1.117 ns between game_beta/game_cu/FSM_onehot_M_gameFSM_q_reg[101]/C (clocked by clk_0) and game_beta/game_reg/M_col2_q_reg[0]_lopt_replica/D (clocked by clk_0). Large setup violations at the end of those stages might be difficult to fix during the post-placement implementation flow and could be the result of non-optimal XDC constraints or non-optimal design architecture
Related violations: <none>

TIMING-16#62 Warning
Large setup violation  
There is a large setup violation of -1.118 ns between game_beta/game_cu/FSM_onehot_M_gameFSM_q_reg[101]/C (clocked by clk_0) and game_beta/game_reg/M_add_score_q_reg[0]/D (clocked by clk_0). Large setup violations at the end of those stages might be difficult to fix during the post-placement implementation flow and could be the result of non-optimal XDC constraints or non-optimal design architecture
Related violations: <none>

TIMING-16#63 Warning
Large setup violation  
There is a large setup violation of -1.121 ns between game_beta/game_cu/FSM_onehot_M_gameFSM_q_reg[101]/C (clocked by clk_0) and game_beta/game_reg/M_reg_temp_q_reg[25]/D (clocked by clk_0). Large setup violations at the end of those stages might be difficult to fix during the post-placement implementation flow and could be the result of non-optimal XDC constraints or non-optimal design architecture
Related violations: <none>

TIMING-16#64 Warning
Large setup violation  
There is a large setup violation of -1.121 ns between game_beta/game_cu/FSM_onehot_M_gameFSM_q_reg[101]/C (clocked by clk_0) and game_beta/game_reg/M_selected_col_q_reg[0]/D (clocked by clk_0). Large setup violations at the end of those stages might be difficult to fix during the post-placement implementation flow and could be the result of non-optimal XDC constraints or non-optimal design architecture
Related violations: <none>

TIMING-16#65 Warning
Large setup violation  
There is a large setup violation of -1.123 ns between game_beta/game_cu/FSM_onehot_M_gameFSM_q_reg[101]/C (clocked by clk_0) and game_beta/game_reg/M_col3_q_reg[0]_lopt_replica/D (clocked by clk_0). Large setup violations at the end of those stages might be difficult to fix during the post-placement implementation flow and could be the result of non-optimal XDC constraints or non-optimal design architecture
Related violations: <none>

TIMING-16#66 Warning
Large setup violation  
There is a large setup violation of -1.123 ns between game_beta/game_cu/FSM_onehot_M_gameFSM_q_reg[101]/C (clocked by clk_0) and game_beta/game_reg/M_combo_q_reg[7]/D (clocked by clk_0). Large setup violations at the end of those stages might be difficult to fix during the post-placement implementation flow and could be the result of non-optimal XDC constraints or non-optimal design architecture
Related violations: <none>

TIMING-16#67 Warning
Large setup violation  
There is a large setup violation of -1.127 ns between game_beta/game_cu/FSM_onehot_M_gameFSM_q_reg[101]/C (clocked by clk_0) and game_beta/game_reg/M_combo_q_reg[12]/D (clocked by clk_0). Large setup violations at the end of those stages might be difficult to fix during the post-placement implementation flow and could be the result of non-optimal XDC constraints or non-optimal design architecture
Related violations: <none>

TIMING-16#68 Warning
Large setup violation  
There is a large setup violation of -1.128 ns between game_beta/game_cu/FSM_onehot_M_gameFSM_q_reg[101]/C (clocked by clk_0) and game_beta/game_reg/M_col_lunatic_q_reg[9]/D (clocked by clk_0). Large setup violations at the end of those stages might be difficult to fix during the post-placement implementation flow and could be the result of non-optimal XDC constraints or non-optimal design architecture
Related violations: <none>

TIMING-16#69 Warning
Large setup violation  
There is a large setup violation of -1.130 ns between game_beta/game_cu/FSM_onehot_M_gameFSM_q_reg[101]/C (clocked by clk_0) and game_beta/game_reg/M_col_lunatic_q_reg[12]/D (clocked by clk_0). Large setup violations at the end of those stages might be difficult to fix during the post-placement implementation flow and could be the result of non-optimal XDC constraints or non-optimal design architecture
Related violations: <none>

TIMING-16#70 Warning
Large setup violation  
There is a large setup violation of -1.133 ns between game_beta/game_cu/FSM_onehot_M_gameFSM_q_reg[101]/C (clocked by clk_0) and game_beta/game_reg/M_col3_q_reg[0]/D (clocked by clk_0). Large setup violations at the end of those stages might be difficult to fix during the post-placement implementation flow and could be the result of non-optimal XDC constraints or non-optimal design architecture
Related violations: <none>

TIMING-16#71 Warning
Large setup violation  
There is a large setup violation of -1.133 ns between game_beta/game_cu/FSM_onehot_M_gameFSM_q_reg[101]/C (clocked by clk_0) and game_beta/game_reg/M_counter_q_reg[3]/D (clocked by clk_0). Large setup violations at the end of those stages might be difficult to fix during the post-placement implementation flow and could be the result of non-optimal XDC constraints or non-optimal design architecture
Related violations: <none>

TIMING-16#72 Warning
Large setup violation  
There is a large setup violation of -1.135 ns between game_beta/game_cu/FSM_onehot_M_gameFSM_q_reg[101]/C (clocked by clk_0) and game_beta/game_reg/M_reg_temp_q_reg[13]/D (clocked by clk_0). Large setup violations at the end of those stages might be difficult to fix during the post-placement implementation flow and could be the result of non-optimal XDC constraints or non-optimal design architecture
Related violations: <none>

TIMING-16#73 Warning
Large setup violation  
There is a large setup violation of -1.141 ns between game_beta/game_cu/FSM_onehot_M_gameFSM_q_reg[101]/C (clocked by clk_0) and game_beta/game_reg/M_col0_q_reg[2]_lopt_replica/D (clocked by clk_0). Large setup violations at the end of those stages might be difficult to fix during the post-placement implementation flow and could be the result of non-optimal XDC constraints or non-optimal design architecture
Related violations: <none>

TIMING-16#74 Warning
Large setup violation  
There is a large setup violation of -1.142 ns between game_beta/game_cu/FSM_onehot_M_gameFSM_q_reg[101]/C (clocked by clk_0) and game_beta/game_reg/M_col1_q_reg[12]/D (clocked by clk_0). Large setup violations at the end of those stages might be difficult to fix during the post-placement implementation flow and could be the result of non-optimal XDC constraints or non-optimal design architecture
Related violations: <none>

TIMING-16#75 Warning
Large setup violation  
There is a large setup violation of -1.150 ns between game_beta/game_cu/FSM_onehot_M_gameFSM_q_reg[101]/C (clocked by clk_0) and game_beta/game_reg/M_col_lunatic_q_reg[3]/D (clocked by clk_0). Large setup violations at the end of those stages might be difficult to fix during the post-placement implementation flow and could be the result of non-optimal XDC constraints or non-optimal design architecture
Related violations: <none>

TIMING-16#76 Warning
Large setup violation  
There is a large setup violation of -1.150 ns between game_beta/game_cu/FSM_onehot_M_gameFSM_q_reg[101]/C (clocked by clk_0) and game_beta/game_reg/M_col_lunatic_q_reg[7]/D (clocked by clk_0). Large setup violations at the end of those stages might be difficult to fix during the post-placement implementation flow and could be the result of non-optimal XDC constraints or non-optimal design architecture
Related violations: <none>

TIMING-16#77 Warning
Large setup violation  
There is a large setup violation of -1.152 ns between game_beta/game_cu/FSM_onehot_M_gameFSM_q_reg[101]/C (clocked by clk_0) and game_beta/game_reg/M_selected_col_q_reg[5]/D (clocked by clk_0). Large setup violations at the end of those stages might be difficult to fix during the post-placement implementation flow and could be the result of non-optimal XDC constraints or non-optimal design architecture
Related violations: <none>

TIMING-16#78 Warning
Large setup violation  
There is a large setup violation of -1.153 ns between game_beta/game_cu/FSM_onehot_M_gameFSM_q_reg[101]/C (clocked by clk_0) and game_beta/game_reg/M_score_q_reg[4]/D (clocked by clk_0). Large setup violations at the end of those stages might be difficult to fix during the post-placement implementation flow and could be the result of non-optimal XDC constraints or non-optimal design architecture
Related violations: <none>

TIMING-16#79 Warning
Large setup violation  
There is a large setup violation of -1.159 ns between game_beta/game_cu/FSM_onehot_M_gameFSM_q_reg[101]/C (clocked by clk_0) and game_beta/game_reg/M_selected_col_q_reg[7]/D (clocked by clk_0). Large setup violations at the end of those stages might be difficult to fix during the post-placement implementation flow and could be the result of non-optimal XDC constraints or non-optimal design architecture
Related violations: <none>

TIMING-16#80 Warning
Large setup violation  
There is a large setup violation of -1.162 ns between game_beta/game_cu/FSM_onehot_M_gameFSM_q_reg[101]/C (clocked by clk_0) and game_beta/game_reg/M_reg_temp_q_reg[15]/D (clocked by clk_0). Large setup violations at the end of those stages might be difficult to fix during the post-placement implementation flow and could be the result of non-optimal XDC constraints or non-optimal design architecture
Related violations: <none>

TIMING-16#81 Warning
Large setup violation  
There is a large setup violation of -1.163 ns between game_beta/game_cu/FSM_onehot_M_gameFSM_q_reg[101]/C (clocked by clk_0) and game_beta/game_reg/M_reg_temp_q_reg[18]/D (clocked by clk_0). Large setup violations at the end of those stages might be difficult to fix during the post-placement implementation flow and could be the result of non-optimal XDC constraints or non-optimal design architecture
Related violations: <none>

TIMING-16#82 Warning
Large setup violation  
There is a large setup violation of -1.164 ns between game_beta/game_cu/FSM_onehot_M_gameFSM_q_reg[101]/C (clocked by clk_0) and game_beta/game_reg/M_col0_q_reg[2]/D (clocked by clk_0). Large setup violations at the end of those stages might be difficult to fix during the post-placement implementation flow and could be the result of non-optimal XDC constraints or non-optimal design architecture
Related violations: <none>

TIMING-16#83 Warning
Large setup violation  
There is a large setup violation of -1.166 ns between game_beta/game_cu/FSM_onehot_M_gameFSM_q_reg[101]/C (clocked by clk_0) and game_beta/game_reg/M_col2_q_reg[3]_lopt_replica/D (clocked by clk_0). Large setup violations at the end of those stages might be difficult to fix during the post-placement implementation flow and could be the result of non-optimal XDC constraints or non-optimal design architecture
Related violations: <none>

TIMING-16#84 Warning
Large setup violation  
There is a large setup violation of -1.169 ns between game_beta/game_cu/FSM_onehot_M_gameFSM_q_reg[101]/C (clocked by clk_0) and game_beta/game_reg/M_col2_q_reg[2]_lopt_replica/D (clocked by clk_0). Large setup violations at the end of those stages might be difficult to fix during the post-placement implementation flow and could be the result of non-optimal XDC constraints or non-optimal design architecture
Related violations: <none>

TIMING-16#85 Warning
Large setup violation  
There is a large setup violation of -1.180 ns between game_beta/game_cu/FSM_onehot_M_gameFSM_q_reg[101]/C (clocked by clk_0) and game_beta/game_reg/M_col3_q_reg[5]/D (clocked by clk_0). Large setup violations at the end of those stages might be difficult to fix during the post-placement implementation flow and could be the result of non-optimal XDC constraints or non-optimal design architecture
Related violations: <none>

TIMING-16#86 Warning
Large setup violation  
There is a large setup violation of -1.182 ns between game_beta/game_cu/FSM_onehot_M_gameFSM_q_reg[101]/C (clocked by clk_0) and game_beta/game_reg/M_total_notes_q_reg[2]/D (clocked by clk_0). Large setup violations at the end of those stages might be difficult to fix during the post-placement implementation flow and could be the result of non-optimal XDC constraints or non-optimal design architecture
Related violations: <none>

TIMING-16#87 Warning
Large setup violation  
There is a large setup violation of -1.186 ns between game_beta/game_cu/FSM_onehot_M_gameFSM_q_reg[101]/C (clocked by clk_0) and game_beta/game_reg/M_reg_temp_q_reg[19]/D (clocked by clk_0). Large setup violations at the end of those stages might be difficult to fix during the post-placement implementation flow and could be the result of non-optimal XDC constraints or non-optimal design architecture
Related violations: <none>

TIMING-16#88 Warning
Large setup violation  
There is a large setup violation of -1.191 ns between game_beta/game_cu/FSM_onehot_M_gameFSM_q_reg[101]/C (clocked by clk_0) and game_beta/game_reg/M_col2_q_reg[5]/D (clocked by clk_0). Large setup violations at the end of those stages might be difficult to fix during the post-placement implementation flow and could be the result of non-optimal XDC constraints or non-optimal design architecture
Related violations: <none>

TIMING-16#89 Warning
Large setup violation  
There is a large setup violation of -1.193 ns between game_beta/game_cu/FSM_onehot_M_gameFSM_q_reg[101]/C (clocked by clk_0) and game_beta/game_reg/M_add_score_q_reg[8]/D (clocked by clk_0). Large setup violations at the end of those stages might be difficult to fix during the post-placement implementation flow and could be the result of non-optimal XDC constraints or non-optimal design architecture
Related violations: <none>

TIMING-16#90 Warning
Large setup violation  
There is a large setup violation of -1.194 ns between game_beta/game_cu/FSM_onehot_M_gameFSM_q_reg[101]/C (clocked by clk_0) and game_beta/game_reg/M_col2_q_reg[5]_lopt_replica/D (clocked by clk_0). Large setup violations at the end of those stages might be difficult to fix during the post-placement implementation flow and could be the result of non-optimal XDC constraints or non-optimal design architecture
Related violations: <none>

TIMING-16#91 Warning
Large setup violation  
There is a large setup violation of -1.196 ns between game_beta/game_cu/FSM_onehot_M_gameFSM_q_reg[101]/C (clocked by clk_0) and game_beta/game_reg/M_selected_col_address_q_reg[5]/D (clocked by clk_0). Large setup violations at the end of those stages might be difficult to fix during the post-placement implementation flow and could be the result of non-optimal XDC constraints or non-optimal design architecture
Related violations: <none>

TIMING-16#92 Warning
Large setup violation  
There is a large setup violation of -1.198 ns between game_beta/game_cu/FSM_onehot_M_gameFSM_q_reg[101]/C (clocked by clk_0) and game_beta/game_reg/M_col3_q_reg[4]/D (clocked by clk_0). Large setup violations at the end of those stages might be difficult to fix during the post-placement implementation flow and could be the result of non-optimal XDC constraints or non-optimal design architecture
Related violations: <none>

TIMING-16#93 Warning
Large setup violation  
There is a large setup violation of -1.207 ns between game_beta/game_cu/FSM_onehot_M_gameFSM_q_reg[101]/C (clocked by clk_0) and game_beta/game_reg/M_counter_q_reg[0]/D (clocked by clk_0). Large setup violations at the end of those stages might be difficult to fix during the post-placement implementation flow and could be the result of non-optimal XDC constraints or non-optimal design architecture
Related violations: <none>

TIMING-16#94 Warning
Large setup violation  
There is a large setup violation of -1.207 ns between game_beta/game_cu/FSM_onehot_M_gameFSM_q_reg[101]/C (clocked by clk_0) and game_beta/game_reg/M_most_sigbits_q_reg[5]/D (clocked by clk_0). Large setup violations at the end of those stages might be difficult to fix during the post-placement implementation flow and could be the result of non-optimal XDC constraints or non-optimal design architecture
Related violations: <none>

TIMING-16#95 Warning
Large setup violation  
There is a large setup violation of -1.211 ns between game_beta/game_cu/FSM_onehot_M_gameFSM_q_reg[101]/C (clocked by clk_0) and game_beta/game_reg/M_col3_q_reg[2]/D (clocked by clk_0). Large setup violations at the end of those stages might be difficult to fix during the post-placement implementation flow and could be the result of non-optimal XDC constraints or non-optimal design architecture
Related violations: <none>

TIMING-16#96 Warning
Large setup violation  
There is a large setup violation of -1.213 ns between game_beta/game_cu/FSM_onehot_M_gameFSM_q_reg[101]/C (clocked by clk_0) and game_beta/game_reg/M_score_q_reg[9]/D (clocked by clk_0). Large setup violations at the end of those stages might be difficult to fix during the post-placement implementation flow and could be the result of non-optimal XDC constraints or non-optimal design architecture
Related violations: <none>

TIMING-16#97 Warning
Large setup violation  
There is a large setup violation of -1.218 ns between game_beta/game_cu/FSM_onehot_M_gameFSM_q_reg[101]/C (clocked by clk_0) and game_beta/game_reg/M_col_lunatic_q_reg[0]/D (clocked by clk_0). Large setup violations at the end of those stages might be difficult to fix during the post-placement implementation flow and could be the result of non-optimal XDC constraints or non-optimal design architecture
Related violations: <none>

TIMING-16#98 Warning
Large setup violation  
There is a large setup violation of -1.221 ns between game_beta/game_cu/FSM_onehot_M_gameFSM_q_reg[101]/C (clocked by clk_0) and game_beta/game_reg/M_add_score_q_reg[13]/D (clocked by clk_0). Large setup violations at the end of those stages might be difficult to fix during the post-placement implementation flow and could be the result of non-optimal XDC constraints or non-optimal design architecture
Related violations: <none>

TIMING-16#99 Warning
Large setup violation  
There is a large setup violation of -1.224 ns between game_beta/game_cu/FSM_onehot_M_gameFSM_q_reg[101]/C (clocked by clk_0) and game_beta/game_reg/M_combo_q_reg[2]/D (clocked by clk_0). Large setup violations at the end of those stages might be difficult to fix during the post-placement implementation flow and could be the result of non-optimal XDC constraints or non-optimal design architecture
Related violations: <none>

TIMING-16#100 Warning
Large setup violation  
There is a large setup violation of -1.229 ns between game_beta/game_cu/FSM_onehot_M_gameFSM_q_reg[101]/C (clocked by clk_0) and game_beta/game_reg/M_score_q_reg[0]/D (clocked by clk_0). Large setup violations at the end of those stages might be difficult to fix during the post-placement implementation flow and could be the result of non-optimal XDC constraints or non-optimal design architecture
Related violations: <none>

TIMING-16#101 Warning
Large setup violation  
There is a large setup violation of -1.230 ns between game_beta/game_cu/FSM_onehot_M_gameFSM_q_reg[101]/C (clocked by clk_0) and game_beta/game_reg/M_selected_col_address_q_reg[2]/D (clocked by clk_0). Large setup violations at the end of those stages might be difficult to fix during the post-placement implementation flow and could be the result of non-optimal XDC constraints or non-optimal design architecture
Related violations: <none>

TIMING-16#102 Warning
Large setup violation  
There is a large setup violation of -1.231 ns between game_beta/game_cu/FSM_onehot_M_gameFSM_q_reg[101]/C (clocked by clk_0) and game_beta/game_reg/M_col0_q_reg[11]/D (clocked by clk_0). Large setup violations at the end of those stages might be difficult to fix during the post-placement implementation flow and could be the result of non-optimal XDC constraints or non-optimal design architecture
Related violations: <none>

TIMING-16#103 Warning
Large setup violation  
There is a large setup violation of -1.238 ns between game_beta/game_cu/FSM_onehot_M_gameFSM_q_reg[101]/C (clocked by clk_0) and game_beta/game_reg/M_col0_q_reg[4]_lopt_replica/D (clocked by clk_0). Large setup violations at the end of those stages might be difficult to fix during the post-placement implementation flow and could be the result of non-optimal XDC constraints or non-optimal design architecture
Related violations: <none>

TIMING-16#104 Warning
Large setup violation  
There is a large setup violation of -1.238 ns between game_beta/game_cu/FSM_onehot_M_gameFSM_q_reg[101]/C (clocked by clk_0) and game_beta/game_reg/M_col2_q_reg[3]/D (clocked by clk_0). Large setup violations at the end of those stages might be difficult to fix during the post-placement implementation flow and could be the result of non-optimal XDC constraints or non-optimal design architecture
Related violations: <none>

TIMING-16#105 Warning
Large setup violation  
There is a large setup violation of -1.243 ns between game_beta/game_cu/FSM_onehot_M_gameFSM_q_reg[101]/C (clocked by clk_0) and game_beta/game_reg/M_col3_q_reg[2]_lopt_replica/D (clocked by clk_0). Large setup violations at the end of those stages might be difficult to fix during the post-placement implementation flow and could be the result of non-optimal XDC constraints or non-optimal design architecture
Related violations: <none>

TIMING-16#106 Warning
Large setup violation  
There is a large setup violation of -1.243 ns between game_beta/game_cu/FSM_onehot_M_gameFSM_q_reg[101]/C (clocked by clk_0) and game_beta/game_reg/M_most_sigbits_q_reg[9]/D (clocked by clk_0). Large setup violations at the end of those stages might be difficult to fix during the post-placement implementation flow and could be the result of non-optimal XDC constraints or non-optimal design architecture
Related violations: <none>

TIMING-16#107 Warning
Large setup violation  
There is a large setup violation of -1.246 ns between game_beta/game_cu/FSM_onehot_M_gameFSM_q_reg[101]/C (clocked by clk_0) and game_beta/game_reg/M_col2_q_reg[9]/D (clocked by clk_0). Large setup violations at the end of those stages might be difficult to fix during the post-placement implementation flow and could be the result of non-optimal XDC constraints or non-optimal design architecture
Related violations: <none>

TIMING-16#108 Warning
Large setup violation  
There is a large setup violation of -1.248 ns between game_beta/game_cu/FSM_onehot_M_gameFSM_q_reg[101]/C (clocked by clk_0) and game_beta/game_reg/M_combo_q_reg[4]/D (clocked by clk_0). Large setup violations at the end of those stages might be difficult to fix during the post-placement implementation flow and could be the result of non-optimal XDC constraints or non-optimal design architecture
Related violations: <none>

TIMING-16#109 Warning
Large setup violation  
There is a large setup violation of -1.250 ns between game_beta/game_cu/FSM_onehot_M_gameFSM_q_reg[101]/C (clocked by clk_0) and game_beta/game_reg/M_combo_q_reg[3]/D (clocked by clk_0). Large setup violations at the end of those stages might be difficult to fix during the post-placement implementation flow and could be the result of non-optimal XDC constraints or non-optimal design architecture
Related violations: <none>

TIMING-16#110 Warning
Large setup violation  
There is a large setup violation of -1.255 ns between game_beta/game_cu/FSM_onehot_M_gameFSM_q_reg[101]/C (clocked by clk_0) and game_beta/game_reg/M_reg_temp_q_reg[20]/D (clocked by clk_0). Large setup violations at the end of those stages might be difficult to fix during the post-placement implementation flow and could be the result of non-optimal XDC constraints or non-optimal design architecture
Related violations: <none>

TIMING-16#111 Warning
Large setup violation  
There is a large setup violation of -1.255 ns between game_beta/game_cu/FSM_onehot_M_gameFSM_q_reg[101]/C (clocked by clk_0) and game_beta/game_reg/M_score_q_reg[3]/D (clocked by clk_0). Large setup violations at the end of those stages might be difficult to fix during the post-placement implementation flow and could be the result of non-optimal XDC constraints or non-optimal design architecture
Related violations: <none>

TIMING-16#112 Warning
Large setup violation  
There is a large setup violation of -1.260 ns between game_beta/game_cu/FSM_onehot_M_gameFSM_q_reg[101]/C (clocked by clk_0) and game_beta/game_reg/M_col2_q_reg[4]_lopt_replica/D (clocked by clk_0). Large setup violations at the end of those stages might be difficult to fix during the post-placement implementation flow and could be the result of non-optimal XDC constraints or non-optimal design architecture
Related violations: <none>

TIMING-16#113 Warning
Large setup violation  
There is a large setup violation of -1.265 ns between game_beta/game_cu/FSM_onehot_M_gameFSM_q_reg[101]/C (clocked by clk_0) and game_beta/game_reg/M_col1_q_reg[6]_lopt_replica/D (clocked by clk_0). Large setup violations at the end of those stages might be difficult to fix during the post-placement implementation flow and could be the result of non-optimal XDC constraints or non-optimal design architecture
Related violations: <none>

TIMING-16#114 Warning
Large setup violation  
There is a large setup violation of -1.267 ns between game_beta/game_cu/FSM_onehot_M_gameFSM_q_reg[101]/C (clocked by clk_0) and game_beta/game_reg/M_selected_col_address_q_reg[0]/D (clocked by clk_0). Large setup violations at the end of those stages might be difficult to fix during the post-placement implementation flow and could be the result of non-optimal XDC constraints or non-optimal design architecture
Related violations: <none>

TIMING-16#115 Warning
Large setup violation  
There is a large setup violation of -1.267 ns between game_beta/game_cu/FSM_onehot_M_gameFSM_q_reg[101]/C (clocked by clk_0) and game_beta/game_reg/M_selected_col_address_q_reg[4]/D (clocked by clk_0). Large setup violations at the end of those stages might be difficult to fix during the post-placement implementation flow and could be the result of non-optimal XDC constraints or non-optimal design architecture
Related violations: <none>

TIMING-16#116 Warning
Large setup violation  
There is a large setup violation of -1.268 ns between game_beta/game_cu/FSM_onehot_M_gameFSM_q_reg[101]/C (clocked by clk_0) and game_beta/game_reg/M_most_sigbits_q_reg[3]/D (clocked by clk_0). Large setup violations at the end of those stages might be difficult to fix during the post-placement implementation flow and could be the result of non-optimal XDC constraints or non-optimal design architecture
Related violations: <none>

TIMING-16#117 Warning
Large setup violation  
There is a large setup violation of -1.270 ns between game_beta/game_cu/FSM_onehot_M_gameFSM_q_reg[101]/C (clocked by clk_0) and game_beta/game_reg/M_combo_q_reg[9]/D (clocked by clk_0). Large setup violations at the end of those stages might be difficult to fix during the post-placement implementation flow and could be the result of non-optimal XDC constraints or non-optimal design architecture
Related violations: <none>

TIMING-16#118 Warning
Large setup violation  
There is a large setup violation of -1.272 ns between game_beta/game_cu/FSM_onehot_M_gameFSM_q_reg[101]/C (clocked by clk_0) and game_beta/game_reg/M_total_notes_q_reg[4]/D (clocked by clk_0). Large setup violations at the end of those stages might be difficult to fix during the post-placement implementation flow and could be the result of non-optimal XDC constraints or non-optimal design architecture
Related violations: <none>

TIMING-16#119 Warning
Large setup violation  
There is a large setup violation of -1.293 ns between game_beta/game_cu/FSM_onehot_M_gameFSM_q_reg[101]/C (clocked by clk_0) and game_beta/game_reg/M_col3_q_reg[3]/D (clocked by clk_0). Large setup violations at the end of those stages might be difficult to fix during the post-placement implementation flow and could be the result of non-optimal XDC constraints or non-optimal design architecture
Related violations: <none>

TIMING-16#120 Warning
Large setup violation  
There is a large setup violation of -1.294 ns between game_beta/game_cu/FSM_onehot_M_gameFSM_q_reg[101]/C (clocked by clk_0) and game_beta/game_reg/M_add_score_q_reg[3]/D (clocked by clk_0). Large setup violations at the end of those stages might be difficult to fix during the post-placement implementation flow and could be the result of non-optimal XDC constraints or non-optimal design architecture
Related violations: <none>

TIMING-16#121 Warning
Large setup violation  
There is a large setup violation of -1.294 ns between game_beta/game_cu/FSM_onehot_M_gameFSM_q_reg[101]/C (clocked by clk_0) and game_beta/game_reg/M_col1_q_reg[2]/D (clocked by clk_0). Large setup violations at the end of those stages might be difficult to fix during the post-placement implementation flow and could be the result of non-optimal XDC constraints or non-optimal design architecture
Related violations: <none>

TIMING-16#122 Warning
Large setup violation  
There is a large setup violation of -1.301 ns between game_beta/game_cu/FSM_onehot_M_gameFSM_q_reg[101]/C (clocked by clk_0) and game_beta/game_reg/M_col3_q_reg[4]_lopt_replica/D (clocked by clk_0). Large setup violations at the end of those stages might be difficult to fix during the post-placement implementation flow and could be the result of non-optimal XDC constraints or non-optimal design architecture
Related violations: <none>

TIMING-16#123 Warning
Large setup violation  
There is a large setup violation of -1.303 ns between game_beta/game_cu/FSM_onehot_M_gameFSM_q_reg[101]/C (clocked by clk_0) and game_beta/game_reg/M_total_notes_q_reg[3]/D (clocked by clk_0). Large setup violations at the end of those stages might be difficult to fix during the post-placement implementation flow and could be the result of non-optimal XDC constraints or non-optimal design architecture
Related violations: <none>

TIMING-16#124 Warning
Large setup violation  
There is a large setup violation of -1.307 ns between game_beta/game_cu/FSM_onehot_M_gameFSM_q_reg[101]/C (clocked by clk_0) and game_beta/game_reg/M_col3_q_reg[3]_lopt_replica/D (clocked by clk_0). Large setup violations at the end of those stages might be difficult to fix during the post-placement implementation flow and could be the result of non-optimal XDC constraints or non-optimal design architecture
Related violations: <none>

TIMING-16#125 Warning
Large setup violation  
There is a large setup violation of -1.307 ns between game_beta/game_cu/FSM_onehot_M_gameFSM_q_reg[101]/C (clocked by clk_0) and game_beta/game_reg/M_selected_col_q_reg[4]/D (clocked by clk_0). Large setup violations at the end of those stages might be difficult to fix during the post-placement implementation flow and could be the result of non-optimal XDC constraints or non-optimal design architecture
Related violations: <none>

TIMING-16#126 Warning
Large setup violation  
There is a large setup violation of -1.311 ns between game_beta/game_cu/FSM_onehot_M_gameFSM_q_reg[101]/C (clocked by clk_0) and game_beta/game_reg/M_col2_q_reg[2]/D (clocked by clk_0). Large setup violations at the end of those stages might be difficult to fix during the post-placement implementation flow and could be the result of non-optimal XDC constraints or non-optimal design architecture
Related violations: <none>

TIMING-16#127 Warning
Large setup violation  
There is a large setup violation of -1.317 ns between game_beta/game_cu/FSM_onehot_M_gameFSM_q_reg[101]/C (clocked by clk_0) and game_beta/game_reg/M_col1_q_reg[2]_lopt_replica/D (clocked by clk_0). Large setup violations at the end of those stages might be difficult to fix during the post-placement implementation flow and could be the result of non-optimal XDC constraints or non-optimal design architecture
Related violations: <none>

TIMING-16#128 Warning
Large setup violation  
There is a large setup violation of -1.331 ns between game_beta/game_cu/FSM_onehot_M_gameFSM_q_reg[101]/C (clocked by clk_0) and game_beta/game_reg/M_reg_temp_q_reg[4]/D (clocked by clk_0). Large setup violations at the end of those stages might be difficult to fix during the post-placement implementation flow and could be the result of non-optimal XDC constraints or non-optimal design architecture
Related violations: <none>

TIMING-16#129 Warning
Large setup violation  
There is a large setup violation of -1.334 ns between game_beta/game_cu/FSM_onehot_M_gameFSM_q_reg[101]/C (clocked by clk_0) and game_beta/game_reg/M_counter_q_reg[2]/D (clocked by clk_0). Large setup violations at the end of those stages might be difficult to fix during the post-placement implementation flow and could be the result of non-optimal XDC constraints or non-optimal design architecture
Related violations: <none>

TIMING-16#130 Warning
Large setup violation  
There is a large setup violation of -1.336 ns between game_beta/game_cu/FSM_onehot_M_gameFSM_q_reg[101]/C (clocked by clk_0) and game_beta/game_reg/M_col_lunatic_q_reg[2]/D (clocked by clk_0). Large setup violations at the end of those stages might be difficult to fix during the post-placement implementation flow and could be the result of non-optimal XDC constraints or non-optimal design architecture
Related violations: <none>

TIMING-16#131 Warning
Large setup violation  
There is a large setup violation of -1.338 ns between game_beta/game_cu/FSM_onehot_M_gameFSM_q_reg[101]/C (clocked by clk_0) and game_beta/game_reg/M_col0_q_reg[3]/D (clocked by clk_0). Large setup violations at the end of those stages might be difficult to fix during the post-placement implementation flow and could be the result of non-optimal XDC constraints or non-optimal design architecture
Related violations: <none>

TIMING-16#132 Warning
Large setup violation  
There is a large setup violation of -1.348 ns between game_beta/game_cu/FSM_onehot_M_gameFSM_q_reg[101]/C (clocked by clk_0) and game_beta/game_reg/M_selected_col_q_reg[2]/D (clocked by clk_0). Large setup violations at the end of those stages might be difficult to fix during the post-placement implementation flow and could be the result of non-optimal XDC constraints or non-optimal design architecture
Related violations: <none>

TIMING-16#133 Warning
Large setup violation  
There is a large setup violation of -1.350 ns between game_beta/game_cu/FSM_onehot_M_gameFSM_q_reg[101]/C (clocked by clk_0) and game_beta/game_reg/M_col0_q_reg[3]_lopt_replica/D (clocked by clk_0). Large setup violations at the end of those stages might be difficult to fix during the post-placement implementation flow and could be the result of non-optimal XDC constraints or non-optimal design architecture
Related violations: <none>

TIMING-16#134 Warning
Large setup violation  
There is a large setup violation of -1.351 ns between game_beta/game_cu/FSM_onehot_M_gameFSM_q_reg[101]/C (clocked by clk_0) and game_beta/game_reg/M_reg_temp_q_reg[2]/D (clocked by clk_0). Large setup violations at the end of those stages might be difficult to fix during the post-placement implementation flow and could be the result of non-optimal XDC constraints or non-optimal design architecture
Related violations: <none>

TIMING-16#135 Warning
Large setup violation  
There is a large setup violation of -1.371 ns between game_beta/game_cu/FSM_onehot_M_gameFSM_q_reg[101]/C (clocked by clk_0) and game_beta/game_reg/M_col1_q_reg[0]/D (clocked by clk_0). Large setup violations at the end of those stages might be difficult to fix during the post-placement implementation flow and could be the result of non-optimal XDC constraints or non-optimal design architecture
Related violations: <none>

TIMING-16#136 Warning
Large setup violation  
There is a large setup violation of -1.374 ns between game_beta/game_cu/FSM_onehot_M_gameFSM_q_reg[101]/C (clocked by clk_0) and game_beta/game_reg/M_add_score_q_reg[2]/D (clocked by clk_0). Large setup violations at the end of those stages might be difficult to fix during the post-placement implementation flow and could be the result of non-optimal XDC constraints or non-optimal design architecture
Related violations: <none>

TIMING-16#137 Warning
Large setup violation  
There is a large setup violation of -1.375 ns between game_beta/game_cu/FSM_onehot_M_gameFSM_q_reg[101]/C (clocked by clk_0) and game_beta/game_reg/M_col_lunatic_q_reg[4]/D (clocked by clk_0). Large setup violations at the end of those stages might be difficult to fix during the post-placement implementation flow and could be the result of non-optimal XDC constraints or non-optimal design architecture
Related violations: <none>

TIMING-16#138 Warning
Large setup violation  
There is a large setup violation of -1.381 ns between game_beta/game_cu/FSM_onehot_M_gameFSM_q_reg[101]/C (clocked by clk_0) and game_beta/game_reg/M_col1_q_reg[3]/D (clocked by clk_0). Large setup violations at the end of those stages might be difficult to fix during the post-placement implementation flow and could be the result of non-optimal XDC constraints or non-optimal design architecture
Related violations: <none>

TIMING-16#139 Warning
Large setup violation  
There is a large setup violation of -1.398 ns between game_beta/game_cu/FSM_onehot_M_gameFSM_q_reg[101]/C (clocked by clk_0) and game_beta/game_reg/M_col1_q_reg[4]/D (clocked by clk_0). Large setup violations at the end of those stages might be difficult to fix during the post-placement implementation flow and could be the result of non-optimal XDC constraints or non-optimal design architecture
Related violations: <none>

TIMING-16#140 Warning
Large setup violation  
There is a large setup violation of -1.404 ns between game_beta/game_cu/FSM_onehot_M_gameFSM_q_reg[101]/C (clocked by clk_0) and game_beta/game_reg/M_col2_q_reg[4]/D (clocked by clk_0). Large setup violations at the end of those stages might be difficult to fix during the post-placement implementation flow and could be the result of non-optimal XDC constraints or non-optimal design architecture
Related violations: <none>

TIMING-16#141 Warning
Large setup violation  
There is a large setup violation of -1.408 ns between game_beta/game_cu/FSM_onehot_M_gameFSM_q_reg[101]/C (clocked by clk_0) and game_beta/game_reg/M_most_sigbits_q_reg[4]/D (clocked by clk_0). Large setup violations at the end of those stages might be difficult to fix during the post-placement implementation flow and could be the result of non-optimal XDC constraints or non-optimal design architecture
Related violations: <none>

TIMING-16#142 Warning
Large setup violation  
There is a large setup violation of -1.408 ns between game_beta/game_cu/FSM_onehot_M_gameFSM_q_reg[101]/C (clocked by clk_0) and game_beta/game_reg/M_reg_temp_q_reg[3]/D (clocked by clk_0). Large setup violations at the end of those stages might be difficult to fix during the post-placement implementation flow and could be the result of non-optimal XDC constraints or non-optimal design architecture
Related violations: <none>

TIMING-18#1 Warning
Missing input or output delay  
An input delay is missing on gameplay_button[0] relative to clock(s) clk_0
Related violations: <none>

TIMING-18#2 Warning
Missing input or output delay  
An input delay is missing on gameplay_button[1] relative to clock(s) clk_0
Related violations: <none>

TIMING-18#3 Warning
Missing input or output delay  
An input delay is missing on gameplay_button[2] relative to clock(s) clk_0
Related violations: <none>

TIMING-18#4 Warning
Missing input or output delay  
An input delay is missing on gameplay_button[3] relative to clock(s) clk_0
Related violations: <none>

TIMING-18#5 Warning
Missing input or output delay  
An input delay is missing on rst_button relative to clock(s) clk_0
Related violations: <none>

TIMING-18#6 Warning
Missing input or output delay  
An input delay is missing on rst_n relative to clock(s) clk_0
Related violations: <none>

TIMING-18#7 Warning
Missing input or output delay  
An input delay is missing on shifter_button[0] relative to clock(s) clk_0
Related violations: <none>

TIMING-18#8 Warning
Missing input or output delay  
An input delay is missing on shifter_button[1] relative to clock(s) clk_0
Related violations: <none>

TIMING-18#9 Warning
Missing input or output delay  
An input delay is missing on start_lunatic_button relative to clock(s) clk_0
Related violations: <none>

TIMING-18#10 Warning
Missing input or output delay  
An output delay is missing on combo_seg[0] relative to clock(s) clk_0
Related violations: <none>

TIMING-18#11 Warning
Missing input or output delay  
An output delay is missing on combo_seg[1] relative to clock(s) clk_0
Related violations: <none>

TIMING-18#12 Warning
Missing input or output delay  
An output delay is missing on combo_seg[2] relative to clock(s) clk_0
Related violations: <none>

TIMING-18#13 Warning
Missing input or output delay  
An output delay is missing on combo_seg[3] relative to clock(s) clk_0
Related violations: <none>

TIMING-18#14 Warning
Missing input or output delay  
An output delay is missing on combo_seg[4] relative to clock(s) clk_0
Related violations: <none>

TIMING-18#15 Warning
Missing input or output delay  
An output delay is missing on combo_seg[5] relative to clock(s) clk_0
Related violations: <none>

TIMING-18#16 Warning
Missing input or output delay  
An output delay is missing on combo_seg[6] relative to clock(s) clk_0
Related violations: <none>

TIMING-18#17 Warning
Missing input or output delay  
An output delay is missing on combo_sel[0] relative to clock(s) clk_0
Related violations: <none>

TIMING-18#18 Warning
Missing input or output delay  
An output delay is missing on combo_sel[1] relative to clock(s) clk_0
Related violations: <none>

TIMING-18#19 Warning
Missing input or output delay  
An output delay is missing on combo_sel[2] relative to clock(s) clk_0
Related violations: <none>

TIMING-18#20 Warning
Missing input or output delay  
An output delay is missing on combo_sel[3] relative to clock(s) clk_0
Related violations: <none>

TIMING-18#21 Warning
Missing input or output delay  
An output delay is missing on lane_1_LED[0] relative to clock(s) clk_0
Related violations: <none>

TIMING-18#22 Warning
Missing input or output delay  
An output delay is missing on lane_1_LED[1] relative to clock(s) clk_0
Related violations: <none>

TIMING-18#23 Warning
Missing input or output delay  
An output delay is missing on lane_1_LED[2] relative to clock(s) clk_0
Related violations: <none>

TIMING-18#24 Warning
Missing input or output delay  
An output delay is missing on lane_1_LED[3] relative to clock(s) clk_0
Related violations: <none>

TIMING-18#25 Warning
Missing input or output delay  
An output delay is missing on lane_1_LED[4] relative to clock(s) clk_0
Related violations: <none>

TIMING-18#26 Warning
Missing input or output delay  
An output delay is missing on lane_1_LED[5] relative to clock(s) clk_0
Related violations: <none>

TIMING-18#27 Warning
Missing input or output delay  
An output delay is missing on lane_1_LED[6] relative to clock(s) clk_0
Related violations: <none>

TIMING-18#28 Warning
Missing input or output delay  
An output delay is missing on lane_2_LED[0] relative to clock(s) clk_0
Related violations: <none>

TIMING-18#29 Warning
Missing input or output delay  
An output delay is missing on lane_2_LED[1] relative to clock(s) clk_0
Related violations: <none>

TIMING-18#30 Warning
Missing input or output delay  
An output delay is missing on lane_2_LED[2] relative to clock(s) clk_0
Related violations: <none>

TIMING-18#31 Warning
Missing input or output delay  
An output delay is missing on lane_2_LED[3] relative to clock(s) clk_0
Related violations: <none>

TIMING-18#32 Warning
Missing input or output delay  
An output delay is missing on lane_2_LED[4] relative to clock(s) clk_0
Related violations: <none>

TIMING-18#33 Warning
Missing input or output delay  
An output delay is missing on lane_2_LED[5] relative to clock(s) clk_0
Related violations: <none>

TIMING-18#34 Warning
Missing input or output delay  
An output delay is missing on lane_2_LED[6] relative to clock(s) clk_0
Related violations: <none>

TIMING-18#35 Warning
Missing input or output delay  
An output delay is missing on lane_3_LED[0] relative to clock(s) clk_0
Related violations: <none>

TIMING-18#36 Warning
Missing input or output delay  
An output delay is missing on lane_3_LED[1] relative to clock(s) clk_0
Related violations: <none>

TIMING-18#37 Warning
Missing input or output delay  
An output delay is missing on lane_3_LED[2] relative to clock(s) clk_0
Related violations: <none>

TIMING-18#38 Warning
Missing input or output delay  
An output delay is missing on lane_3_LED[3] relative to clock(s) clk_0
Related violations: <none>

TIMING-18#39 Warning
Missing input or output delay  
An output delay is missing on lane_3_LED[4] relative to clock(s) clk_0
Related violations: <none>

TIMING-18#40 Warning
Missing input or output delay  
An output delay is missing on lane_3_LED[5] relative to clock(s) clk_0
Related violations: <none>

TIMING-18#41 Warning
Missing input or output delay  
An output delay is missing on lane_3_LED[6] relative to clock(s) clk_0
Related violations: <none>

TIMING-18#42 Warning
Missing input or output delay  
An output delay is missing on lane_4_LED[0] relative to clock(s) clk_0
Related violations: <none>

TIMING-18#43 Warning
Missing input or output delay  
An output delay is missing on lane_4_LED[1] relative to clock(s) clk_0
Related violations: <none>

TIMING-18#44 Warning
Missing input or output delay  
An output delay is missing on lane_4_LED[2] relative to clock(s) clk_0
Related violations: <none>

TIMING-18#45 Warning
Missing input or output delay  
An output delay is missing on lane_4_LED[3] relative to clock(s) clk_0
Related violations: <none>

TIMING-18#46 Warning
Missing input or output delay  
An output delay is missing on lane_4_LED[4] relative to clock(s) clk_0
Related violations: <none>

TIMING-18#47 Warning
Missing input or output delay  
An output delay is missing on lane_4_LED[5] relative to clock(s) clk_0
Related violations: <none>

TIMING-18#48 Warning
Missing input or output delay  
An output delay is missing on lane_4_LED[6] relative to clock(s) clk_0
Related violations: <none>

TIMING-18#49 Warning
Missing input or output delay  
An output delay is missing on lunatic_LED[0] relative to clock(s) clk_0
Related violations: <none>

TIMING-18#50 Warning
Missing input or output delay  
An output delay is missing on lunatic_LED[1] relative to clock(s) clk_0
Related violations: <none>

TIMING-18#51 Warning
Missing input or output delay  
An output delay is missing on lunatic_LED[2] relative to clock(s) clk_0
Related violations: <none>

TIMING-18#52 Warning
Missing input or output delay  
An output delay is missing on lunatic_LED[3] relative to clock(s) clk_0
Related violations: <none>

TIMING-18#53 Warning
Missing input or output delay  
An output delay is missing on score_seg[0] relative to clock(s) clk_0
Related violations: <none>

TIMING-18#54 Warning
Missing input or output delay  
An output delay is missing on score_seg[1] relative to clock(s) clk_0
Related violations: <none>

TIMING-18#55 Warning
Missing input or output delay  
An output delay is missing on score_seg[2] relative to clock(s) clk_0
Related violations: <none>

TIMING-18#56 Warning
Missing input or output delay  
An output delay is missing on score_seg[3] relative to clock(s) clk_0
Related violations: <none>

TIMING-18#57 Warning
Missing input or output delay  
An output delay is missing on score_seg[4] relative to clock(s) clk_0
Related violations: <none>

TIMING-18#58 Warning
Missing input or output delay  
An output delay is missing on score_seg[5] relative to clock(s) clk_0
Related violations: <none>

TIMING-18#59 Warning
Missing input or output delay  
An output delay is missing on score_seg[6] relative to clock(s) clk_0
Related violations: <none>

TIMING-18#60 Warning
Missing input or output delay  
An output delay is missing on score_sel[0] relative to clock(s) clk_0
Related violations: <none>

TIMING-18#61 Warning
Missing input or output delay  
An output delay is missing on score_sel[1] relative to clock(s) clk_0
Related violations: <none>

TIMING-18#62 Warning
Missing input or output delay  
An output delay is missing on score_sel[2] relative to clock(s) clk_0
Related violations: <none>

TIMING-18#63 Warning
Missing input or output delay  
An output delay is missing on score_sel[3] relative to clock(s) clk_0
Related violations: <none>


